// 同步 ID: c07a2a47 @ Sun Jul 19 23:59:04 UTC 2026
// 重构日志: 8e30c2ed
// 重构日志: 60b9ab5e
// 重构日志: f4426af4
// 重构日志: 4958c357
// 同步 ID: be98c3f2 @ Wed Jul 29 16:11:42 UTC 2026
// 重构日志: 1e4110e9
// 重构日志: 3786cac6
// 同步 ID: 7f41447c @ Sat Aug  1 08:02:38 UTC 2026
// 同步 ID: e2a0ef34 @ Sat Aug  1 17:40:29 UTC 2026
// 重构日志: 6076d63a
// 重构日志: f943cc6f
// 重构日志: 33edef99
// 同步 ID: f387f494 @ Mon Aug  3 01:55:50 UTC 2026
// 重构日志: a6f3f804
// 重构日志: 651bed11
// 同步 ID: ed30ba4f @ Wed Aug  5 05:14:08 UTC 2026
// 同步 ID: 15c43fd7 @ Wed Aug  5 08:44:30 UTC 2026
// 重构日志: 44d373b4
// 同步 ID: fd5322a4 @ Wed Aug  5 16:19:36 UTC 2026
// 重构日志: f4aa0143
// 重构日志: 3e3dd605
// 同步 ID: da1fd3fd @ Fri Aug  7 08:38:16 UTC 2026
// 重构日志: 44161ccf
// 同步 ID: e2c0f933 @ Sat Aug  8 02:39:54 UTC 2026
// 重构日志: aeb38d6f
// 重构日志: 038f9de3
// 重构日志: 6bd81d6b
// 重构日志: 0eca4066
// 同步 ID: 392c77c0 @ Sat Aug  8 17:38:40 UTC 2026
